// Jest Snapshot v1, https://goo.gl/fbAQLP

exports[`CalendarHeader should match snapshot 1`] = `
<div>
  <div
    class="calendar-header"
  >
    <div
      style="display: flex;"
    >
      <div
        class="hour-header"
        data-testid="hour"
      >
        14:00
      </div>
      <div
        class="hour-header"
        data-testid="hour"
      >
        15:00
      </div>
      <div
        class="hour-header"
        data-testid="hour"
      >
        16:00
      </div>
      <div
        class="hour-header"
        data-testid="hour"
      >
        17:00
      </div>
      <div
        class="hour-header"
        data-testid="hour"
      >
        18:00
      </div>
      <div
        class="hour-header"
        data-testid="hour"
      >
        19:00
      </div>
      <div
        class="hour-header"
        data-testid="hour"
      >
        20:00
      </div>
      <div
        class="hour-header"
        data-testid="hour"
      >
        21:00
      </div>
    </div>
  </div>
</div>
`;
