// Jest Snapshot v1, https://goo.gl/fbAQLP

exports[`AdministeredMedicationList should render AdministeredMedicationList 1`] = `
<div>
  <div
    aria-label="Structured list section"
    class="bx--structured-list administered-list-body"
    role="table"
  >
    <div
      class="bx--structured-list-tbody"
      role="rowgroup"
    >
      <div
        class="bx--structured-list-row"
        role="row"
      >
        <div
          class="drug-name-cell bx--structured-list-td"
          role="cell"
        >
          <div>
            Liquid Paraffin
          </div>
          <span>
            <div>
              <span>
                2
              </span>
              <span>
                 - 
                Drop
              </span>
              <span>
                 - 
                Topical
              </span>
            </div>
          </span>
        </div>
        <div
          class="administered-time-cell bx--structured-list-td"
          role="cell"
        >
          <test-file-stub
            classname="clock-icon"
          />
          <span
            class="time"
          >
            12:30
          </span>
        </div>
        <div
          class="bx--structured-list-td"
          role="cell"
        >
          <test-file-stub />
          <span
            class="status"
            data-testid="status-name-cell"
          >
            Done
          </span>
        </div>
      </div>
      <div
        class="bx--structured-list-row"
        role="row"
      >
        <div
          class="drug-name-cell bx--structured-list-td"
          role="cell"
        >
          <div>
            Adenosine 3 mg/mL Ampoule/Vial
          </div>
          <span>
            <div>
              <span>
                5mg
              </span>
              <span>
                 - 
                Intravenous
              </span>
            </div>
          </span>
        </div>
        <div
          class="administered-time-cell bx--structured-list-td"
          role="cell"
        >
          <test-file-stub
            classname="clock-icon"
          />
          <span
            class="time"
          >
            14:00
          </span>
        </div>
        <div
          class="bx--structured-list-td"
          role="cell"
        >
          <test-file-stub />
          <span
            class="status"
            data-testid="status-name-cell"
          >
            Skipped
          </span>
        </div>
      </div>
    </div>
  </div>
</div>
`;
