// Jest Snapshot v1, https://goo.gl/fbAQLP

exports[`DrugChartSliderNotification Component renders successfully 1`] = `
<div>
  <div
    class="alertContainer"
  >
    <div>
      <div
        class="bx--inline-notification bx--inline-notification--low-contrast bx--inline-notification--success,warning bx--inline-notification--hide-close-button"
        kind="success,warning"
        role="alert"
      >
        <div
          class="bx--inline-notification__details"
        >
          <div
            class="bx--inline-notification__text-wrapper"
          >
            <p
              class="bx--inline-notification__title"
            >
              title
            </p>
            <div
              class="bx--inline-notification__subtitle"
            />
          </div>
        </div>
      </div>
    </div>
  </div>
</div>
`;
