// Jest Snapshot v1, https://goo.gl/fbAQLP

exports[`Patient Summary should match snapshot 1`] = `
<DocumentFragment>
  <div
    style="padding: 10px;"
  >
    PatientSummary
  </div>
</DocumentFragment>
`;
