// Jest Snapshot v1, https://goo.gl/fbAQLP

exports[`Generic Form Display Control should match snapshot 1`] = `
<div>
  <div
    class="bx--data-table-content"
  >
    <table
      class="bx--data-table form-table-display-control bx--data-table--zebra bx--data-table--no-border"
    >
      <thead>
        <tr>
          <th
            class="false"
            scope="col"
          >
            <div
              class="bx--table-header-label"
            >
              Date
            </div>
          </th>
          <th
            class="false"
            scope="col"
          >
            <div
              class="bx--table-header-label"
            >
              Time
            </div>
          </th>
          <th
            class="provider-column-width"
            scope="col"
          >
            <div
              class="bx--table-header-label"
            >
              Provider
            </div>
          </th>
          <th
            class="false"
            scope="col"
          />
        </tr>
      </thead>
      <tbody
        aria-live="polite"
      >
        <tr>
          <td>
            24-04-2024
          </td>
          <td>
            10:40
          </td>
          <td>
            Mock Provider
          </td>
          <td>
            <a
              class="bx--link"
            >
              View
            </a>
          </td>
        </tr>
      </tbody>
    </table>
  </div>
</div>
`;
