// Jest Snapshot v1, https://goo.gl/fbAQLP

exports[`View Form Modal should match snapshot 1`] = `
<div>
  <div
    class="bx--modal is-visible view-form-modal"
    role="presentation"
  >
    <span
      class="bx--visually-hidden"
      role="link"
      tabindex="0"
    >
      Focus sentinel
    </span>
    <div
      aria-label=""
      aria-modal="true"
      class="bx--modal-container"
      role="dialog"
      tabindex="-1"
    >
      <div
        class="bx--modal-header"
      >
        <button
          aria-label="close"
          class="bx--modal-close"
          type="button"
        >
          <svg
            aria-hidden="true"
            class="bx--modal-close__icon"
            fill="currentColor"
            focusable="false"
            height="20"
            preserveAspectRatio="xMidYMid meet"
            viewBox="0 0 32 32"
            width="20"
            xmlns="http://www.w3.org/2000/svg"
          >
            <path
              d="M24 9.4L22.6 8 16 14.6 9.4 8 8 9.4 14.6 16 8 22.6 9.4 24 16 17.4 22.6 24 24 22.6 17.4 16 24 9.4z"
            />
          </svg>
        </button>
        
        <h3
          class="bx--modal-header__heading"
          id="bx--modal-header__heading--modal-1"
        />
      </div>
      <div
        aria-labelledby="bx--modal-header__heading--modal-1"
        class="bx--modal-content"
        id="bx--modal-body--modal-1"
      >
        <div
          class="view-form-container"
        >
          <div
            class="view-form-header"
          >
            Test Form
             | 
            26-04-2024 15:37
             | 
            Provider
          </div>
          <div
            class="observations-row"
          >
            <span
              class="observation-name"
            >
              
              <span
                class="false "
              >
                Image
              </span>
            </span>
            <span
              class="observation-value"
            >
              Image Value
            </span>
          </div>
          <div
            class="observations-row"
          >
            <span
              class="observation-name"
            >
              
              <span
                class="false "
              >
                Patient Video
              </span>
            </span>
            <span
              class="observation-value"
            >
              Patient Video Value
            </span>
          </div>
        </div>
      </div>
    </div>
    <span
      class="bx--visually-hidden"
      role="link"
      tabindex="0"
    >
      Focus sentinel
    </span>
  </div>
</div>
`;
